// Jest Snapshot v1, https://goo.gl/fbAQLP

exports[`renders homepage unchanged 1`] = `
<div>
  <div
    class="container"
  >
    <div>
      <h4>
        Welcome to Integer to Roman Calculator
      </h4>
      <form
        action=""
      >
        <label
          for=""
        >
          Enter Integer :
        </label>
        <input
          class="formInput"
          max="3999"
          min="1"
          type="number"
        />
        <div
          class="output"
        />
      </form>
    </div>
  </div>
</div>
`;
